
Allocating common symbols
Common symbol       size              file

clflush_size        0x4               output.o
sReaderContext      0x60              output.o
uefi_memory_map_data
                    0x4000            output.o
current_iphdr_src   0x4               output.o
lbrbuf              0x8               output.o
uefi_booted         0x4               output.o
start_lbrpmu        0x8               output.o
sigx_app            0x8               output.o
tcp_tw_pcbs         0x8               output.o
tcp_ticks           0x4               output.o
num_dom             0x4               output.o
lbrbuf_idx          0x8               output.o
mszReaders          0x400             output.o
udp_pcbs            0x8               output.o
arr                 0x3a8af48         output.o
prohibit_iccard_init
                    0x4               output.o
tcp_tmp_pcb         0x8               output.o
tcp_listen_pcbs     0x8               output.o
pci_config_mmio_data_head
                    0x8               output.o
netif_default       0x8               output.o
tcp_active_pcbs     0x8               output.o
curthread           0x8               output.o
current_netif       0x8               output.o
tcp_bound_pcbs      0x8               output.o
ram_heap            0x100001c         output.o
sig_app             0x8               output.o
readerState         0x64              output.o
dom_io              0x800             output.o
acpi_dsdt_system_state
                    0x1e              output.o
current_header      0x8               output.o
ehci_host           0x8               output.o
lbrbuf_maxidx       0x8               output.o
tcp_active_pcbs_changed
                    0x1               output.o
tcp_input_pcb       0x8               output.o
num_of_processors   0x4               output.o
lbrbufsize          0x8               output.o
pbuf_free_ooseq_pending
                    0x1               output.o
e801_fake_bx        0x2               output.o
dhcp_rx_options_val
                    0x28              output.o
dhcp_rx_options_given
                    0xa               output.o
iommu_detected      0x1               output.o
uefi_mmio_space     0x8               output.o
dwReaders           0x8               output.o
current_iphdr_dest  0x4               output.o
readerTracker       0x140             output.o
handler_descriptor_lock
                    0x1               output.o
e801_fake_ax        0x2               output.o
netif_list          0x8               output.o

Discarded input sections

 .gomi          0x0000000000000000       0x10 output.o

Memory Configuration

Name             Origin             Length             Attributes
*default*        0x0000000000000000 0xffffffffffffffff

Linker script and memory map

                0x0000000040100000                virt = 0x40100000
                0x0000000000100000                phys = 0x100000
                0x0000000040100000                . = virt
                0x0000000040100000                head = .
                0x0000000040100078                . = (virt + SIZEOF_HEADERS)

.entry          0x0000000040101000     0x66e0 load address 0x0000000000101000
                0x0000000040101000                code = .
 *(.entry)
 .entry         0x0000000040101000     0x6000 output.o
                0x000000004010100c                entry
                0x0000000040101338                uefi_entry_virttophys
                0x0000000040101343                uefi_entry_call
                0x0000000040101383                uefi_entry_pcpy
                0x00000000401013c2                uefi_entry_start
                0x00000000401014d9                uefi_entry_rsp
                0x00000000401014e1                uefi_entry_ret_addr
                0x0000000040101580                cpuinit_start
                0x00000000401017b0                vmm_base_cr3
                0x00000000401017c8                apinit_procs
                0x00000000401017d0                apinit_lock
                0x00000000401017d8                cpuinit_end
                0x0000000040103000                entry_pdp
                0x0000000040104000                entry_pd0
                0x0000000040105000                entry_pd
 *(.entry.text)
 .entry.text    0x0000000040107000      0x5de output.o
                0x0000000040107000                uefi_init_get_vmmsize
                0x00000000401070a2                uefi_init
 *(.entry.data)
 *fill*         0x00000000401075de        0x2 
 .entry.data    0x00000000401075e0      0x100 output.o
                0x0000000040107638                uefi_disconnect_controller
                0x0000000040107640                uefi_image_handle
                0x0000000040107648                uefi_close_protocol
                0x0000000040107650                uefi_open_protocol
                0x0000000040107658                uefi_free_pool
                0x0000000040107660                uefi_locate_handle_buffer
                0x0000000040107668                uefi_acpi_table
                0x0000000040107670                uefi_acpi_20_table
                0x0000000040107678                uefi_wait_for_event
                0x0000000040107680                uefi_free_pages
                0x0000000040107688                uefi_get_memory_map
                0x0000000040107690                uefi_allocate_pages
                0x0000000040107698                uefi_conout_output_string
                0x00000000401076a0                uefi_conin_read_key_stroke
                0x00000000401076a8                uefi_conout
                0x00000000401076b0                uefi_conin

.text           0x0000000040108000   0x10b1e9 load address 0x0000000000108000
                0x0000000040108000                text = .
 *(.text)
 .text          0x0000000040108000   0x10b1e9 output.o
                0x0000000040108b59                acpi_smi_hook
                0x0000000040108ba7                acpi_iohook
                0x0000000040108bfc                acpi_reset
                0x0000000040108cf3                acpi_poweroff
                0x0000000040108d28                get_acpi_time_raw
                0x0000000040108d46                acpi_read_mcfg
                0x000000004010e0a9                acpi_dsdt_parse
                0x000000004010e166                acpi_ssdt_parse
                0x000000004010e2be                apinitproc0
                0x000000004010e2ea                apic_available
                0x000000004010e311                ap_start_addr
                0x000000004010e678                panic_wakeup_all
                0x000000004010e716                disable_apic
                0x000000004010e7e1                sync_all_processors
                0x000000004010e867                start_all_processors
                0x000000004010e8a9                assertion_failed
                0x000000004010e8e8                beep_set_freq
                0x000000004010e914                beep_on
                0x000000004010e91f                beep_off
                0x000000004010efd7                update_mtrr_and_pat
                0x000000004010f3cc                cache_get_gpat
                0x000000004010f41e                cache_set_gpat
                0x000000004010f468                cache_get_attr
                0x000000004010f51a                cache_get_gmtrr_type
                0x000000004010f535                cache_gmtrr_type_equal
                0x000000004010f642                cache_get_gmtrr_attr
                0x000000004010f666                cache_get_gmtrrcap
                0x000000004010f690                cache_get_gmtrr
                0x000000004010f7a0                cache_set_gmtrr
                0x000000004010f7fd                cache_get_gmsr_amd
                0x000000004010f88b                cache_set_gmsr_amd
                0x000000004010fceb                callrealmode_endofcodeaddr
                0x000000004010fcf7                callrealmode_usevcpu
                0x000000004010fcff                callrealmode_printmsg
                0x000000004010fd1b                callrealmode_getsysmemmap
                0x000000004010fd67                callrealmode_getshiftflags
                0x000000004010fd84                callrealmode_setvideomode
                0x000000004010fda1                callrealmode_reboot
                0x000000004010fdb9                callrealmode_tcgbios
                0x000000004010fe56                callrealmode_disk_readmbr
                0x000000004010fe97                callrealmode_disk_readlba
                0x000000004010fee2                callrealmode_bootcd_getstatus
                0x000000004010ff37                callrealmode_setcursorpos
                0x000000004010ff5d                callrealmode_startkernel32
                0x000000004010ff7d                callrealmode_getfontinfo
                0x000000004010ffea                call_uefi_get_memory_map
                0x0000000040110063                call_uefi_allocate_pages
                0x00000000401100c2                call_uefi_free_pages
                0x00000000401100e7                call_uefi_getkey
                0x000000004011015c                call_uefi_putchar
                0x00000000401101a7                call_uefi_disconnect_pcidev_driver
                0x000000004011046c                fill_pagetable
                0x0000000040110575                copy_uefi_bootcode
                0x00000000401106de                get_cpu_id
                0x00000000401106ed                cpu_emul_cpuid
                0x00000000401107a9                cpu_emul_rdmsr
                0x000000004011081a                cpu_emul_wrmsr
                0x000000004011088c                cpu_emul_hlt
                0x000000004011089f                cpu_emul_cli
                0x00000000401108da                cpu_emul_sti
                0x0000000040110923                cpu_emul_realmode_int
                0x0000000040110a95                cpu_emul_xsetbv
                0x0000000040113319                cpu_interpreter
                0x0000000040115600                cpu_mmu_get_pte
                0x0000000040115d36                write_linearaddr_ok_b
                0x0000000040115d58                write_linearaddr_ok_w
                0x0000000040115d66                write_linearaddr_ok_l
                0x0000000040115d74                write_linearaddr_b
                0x0000000040115ddd                write_linearaddr_w
                0x0000000040115e6f                write_linearaddr_l
                0x0000000040115eff                write_linearaddr_q
                0x0000000040115f8d                read_linearaddr_b
                0x0000000040115ff5                read_linearaddr_w
                0x0000000040116081                read_linearaddr_l
                0x000000004011610d                read_linearaddr_q
                0x0000000040116199                read_linearaddr_tss
                0x0000000040116224                write_linearaddr_tss
                0x0000000040119f65                cpu_mmu_spt_tlbflush
                0x0000000040119fa3                cpu_mmu_spt_updatecr3
                0x000000004011a225                cpu_mmu_spt_invalidate
                0x000000004011a299                cpu_mmu_spt_pagefault
                0x000000004011a497                cpu_mmu_spt_extern_mapsearch
                0x000000004011a5c8                cpu_mmu_spt_map_1mb
                0x000000004011a768                cpu_mmu_spt_clear_all
                0x000000004011a8bf                cpu_mmu_spt_init
                0x000000004011aeb4                cpu_seg_read_b
                0x000000004011af1b                cpu_seg_read_w
                0x000000004011af82                cpu_seg_read_l
                0x000000004011afe9                cpu_seg_read_q
                0x000000004011b050                cpu_seg_write_b
                0x000000004011b0b8                cpu_seg_write_w
                0x000000004011b120                cpu_seg_write_l
                0x000000004011b185                cpu_seg_write_q
                0x000000004011b1ec                cpu_stack_get
                0x000000004011b254                cpu_stack_set
                0x000000004011b2e8                cpu_stack_push
                0x000000004011b38d                cpu_stack_pop
                0x000000004011b470                call_cpuid
                0x000000004011b861                debug_gdb
                0x000000004011b863                debug_iohook
                0x000000004011b865                debug_msgregister
                0x000000004011b898                debug_msgunregister
                0x000000004011b944                exint_pass_intr_alloc
                0x000000004011b998                exint_pass_intr_free
                0x000000004011b9b6                exint_pass_intr_register_callback
                0x000000004011ba0c                do_exint_pass
                0x000000004011bb13                read_gphys_b
                0x000000004011bb76                write_gphys_b
                0x000000004011bbf5                read_gphys_w
                0x000000004011bc82                write_gphys_w
                0x000000004011bd2f                read_gphys_l
                0x000000004011bdbc                write_gphys_l
                0x000000004011be6c                read_gphys_q
                0x000000004011bef9                write_gphys_q
                0x000000004011bfa6                cmpxchg_gphys_l
                0x000000004011c05f                cmpxchg_gphys_q
                0x000000004011c118                gmm_pass_getforcemap
                0x000000004011c12c                gmm_pass_gp2hp
                0x000000004011c161                gmm_pass_gp2hp_2m
                0x000000004011c634                idman_reinit_session
                0x000000004011c6b2                idman_reinit2
                0x000000004011c6d6                get_idman_session
                0x000000004011c709                call_initfunc
                0x000000004011c760                initfunc_init
                0x000000004011e2c7                int_fatal
                0x000000004011e622                callfunc_and_getint
                0x000000004011e639                do_externalint_enable
                0x000000004011e651                set_int_handler
                0x000000004011e66c                int_exceptionHandler
                0x000000004011e673                int_init_ap
                0x000000004011e69f                do_io_nothing
                0x000000004011e6da                set_iofunc
                0x000000004011e74b                call_io
                0x000000004011e780                do_iopass_default
                0x000000004011ea1a                keyboard_reset
                0x000000004011ea64                setkbdled
                0x000000004011eab8                keyboard_flush
                0x000000004011ead7                load_bootsector
                0x000000004011ee95                copy_bootsector
                0x000000004011f297                localapic_wait_for_sipi
                0x000000004011f36c                localapic_change_base_msr
                0x000000004011f3e6                localapic_mmio_register
                0x000000004011f44f                localapic_delayed_ap_start
                0x000000004011f457                localapic_x2apic_icr
                0x000000004011fe90                resume_vm
                0x000000004011ff42                vmm_main
                0x0000000040120417                getsysmemmap
                0x0000000040120498                getfakesysmemmap
                0x0000000040120503                phys_to_virt
                0x0000000040120514                vmm_start_inf
                0x000000004012051b                vmm_term_inf
                0x0000000040120527                num_of_available_pages
                0x0000000040120595                mm_get_panicmem
                0x00000000401205bf                mm_free_panicmem
                0x0000000040120606                alloc_pages
                0x000000004012067d                alloc_page
                0x0000000040120690                alloc
                0x000000004012092b                alloc2
                0x0000000040120964                free
                0x0000000040120a60                realloc
                0x0000000040120b96                free_page
                0x0000000040120bac                free_page_phys
                0x0000000040120bd2                mempool_new
                0x0000000040120c2f                mempool_free
                0x0000000040120cd1                mempool_allocmem
                0x0000000040120ec5                mempool_freemem
                0x0000000040121167                sym_to_phys
                0x0000000040121176                phys_in_vmm
                0x0000000040121199                mm_force_unlock
                0x00000000401211bd                mm_process_alloc
                0x0000000040121201                mm_process_free
                0x000000004012120f                pmap_open_vmm
                0x0000000040121235                pmap_open_guest
                0x0000000040121272                pmap_close
                0x0000000040121274                pmap_getreadlevel
                0x000000004012127b                pmap_setlevel
                0x0000000040121282                pmap_seek
                0x00000000401212ed                pmap_read
                0x000000004012157c                pmap_write
                0x0000000040121712                mm_process_unmap
                0x00000000401217f0                mm_process_unmap_stack
                0x00000000401219bb                mm_process_unmapall
                0x0000000040121a55                mm_process_switch
                0x0000000040121cb7                pmap_pointer
                0x0000000040121d15                pmap_clear
                0x0000000040121dfe                pmap_autoalloc
                0x0000000040121f95                mm_process_map_alloc
                0x00000000401220cd                mm_process_map_shared_physpage
                0x0000000040122126                mm_process_map_shared
                0x0000000040122386                mm_process_map_stack
                0x0000000040122d5c                pmap_dump
                0x0000000040122e67                unmapmem
                0x0000000040122f39                mapmem
                0x0000000040123394                read_hphys_b
                0x00000000401233e9                write_hphys_b
                0x000000004012340e                read_hphys_w
                0x0000000040123438                write_hphys_w
                0x000000004012345e                read_hphys_l
                0x0000000040123486                write_hphys_l
                0x00000000401234ab                read_hphys_q
                0x00000000401234d5                write_hphys_q
                0x00000000401234fc                cmpxchg_hphys_l
                0x000000004012353c                cmpxchg_hphys_q
                0x0000000040123580                alloc_realmodemem
                0x000000004012376c                mapmem_hphys
                0x0000000040123787                mapmem_gphys
                0x00000000401237a2                mm_flush_wb_cache
                0x0000000040123de8                mmio_access_memory
                0x00000000401240a7                mmio_access_page
                0x0000000040124180                mmio_register
                0x0000000040124194                mmio_register_unlocked
                0x00000000401241a8                mmio_unregister
                0x0000000040124258                mmio_lock
                0x0000000040124291                mmio_unlock
                0x0000000040124393                mmio_range
                0x0000000040124534                msg_findname
                0x0000000040124594                msg_register
                0x0000000040124662                msg_unregister
                0x00000000401246e0                msg_unregisterall
                0x0000000040124766                msg_unregister2
                0x000000004012481f                call_read_msr
                0x0000000040124836                call_write_msr
                0x0000000040124e2a                msr_pass_hook_x2apic_icr
                0x0000000040124f44                load_minios
                0x0000000040125260                backtrace
                0x0000000040125baf                panic
                0x00000000401260e4                auto_reboot
                0x0000000040126101                panic_test
                0x0000000040126124                pcpu_list_foreach
                0x0000000040126154                pcpu_list_add
                0x00000000401261a3                pcpu_init
                0x0000000040126c90                vprintf
                0x0000000040126cce                printf
                0x0000000040126d16                vsnprintf
                0x0000000040126d54                snprintf
                0x0000000040126f88                sys_msgsetfunc
                0x000000004012702a                sys_msgclose
                0x0000000040127042                sys_msgret
                0x0000000040127128                sys_msgregister
                0x000000004012735b                sys_msgsenddesc
                0x0000000040127720                sys_newprocess
                0x0000000040127783                sys_msgunregister
                0x000000004012780e                sys_exitprocess
                0x0000000040127863                sys_msgopen
                0x00000000401278c4                process_kill
                0x0000000040127928                own_process64_msrs
                0x000000004012800b                sys_msgsendint
                0x00000000401280b3                sys_msgsendbuf
                0x0000000040128204                msgsetfunc
                0x0000000040128215                msgregister
                0x000000004012822e                msgopen
                0x0000000040128244                msgclose
                0x0000000040128252                msgsendint
                0x0000000040128269                msgsenddesc
                0x0000000040128280                newprocess
                0x0000000040128296                msgsendbuf
                0x00000000401282b3                msgunregister
                0x00000000401282e6                exitprocess
                0x00000000401282f9                msgpremapbuf
                0x0000000040128414                process_syscall
                0x00000000401284ce                putchar
                0x000000004012850f                putchar_set_func
                0x00000000401287e5                do_panic_reboot
                0x0000000040128862                handle_init_to_bsp
                0x00000000401288cc                reboot_test
                0x00000000401288f6                savemsr_save
                0x000000004012895a                savemsr_load
                0x0000000040128cba                get_seg_base
                0x0000000040128d69                get_seg_access_rights
                0x0000000040128d85                segment_wakeup
                0x0000000040128dc3                segment_init_ap
                0x000000004012904a                serial_putDebugChar
                0x0000000040129058                serial_getDebugChar
                0x0000000040129069                serial_putchar
                0x00000000401290c1                serial_init_iohook
                0x00000000401290f8                waitcycles
                0x0000000040129117                usleep
                0x000000004012922f                sleep_set_timer_counter
                0x0000000040129254                strtol
                0x00000000401294a1                vmctl_svm_init
                0x0000000040129545                message_exitcode
                0x00000000401298bd                printexitcode
                0x00000000401298e0                svm_available
                0x0000000040129984                svm_reset
                0x0000000040129c28                svm_vminit
                0x000000004012a070                svm_vmexit
                0x000000004012a072                svm_init
                0x000000004012a1cd                svm_enable_resume
                0x000000004012a2d3                svm_resume
                0x000000004012a428                svm_ioio
                0x000000004012a525                svm_iopass
                0x000000004012a688                svm_init_signal
                0x000000004012a6ae                svm_start_vm
                0x000000004012b42c                svm_msr_update_lma
                0x000000004012b49c                svm_read_msr
                0x000000004012b78f                svm_write_msr
                0x000000004012ba7f                svm_msrpass
                0x000000004012c1c1                svm_np_init
                0x000000004012c2ca                svm_np_pagefault
                0x000000004012c34d                svm_np_tlbflush
                0x000000004012c34f                svm_np_updatecr3
                0x000000004012c35d                svm_np_clear_all
                0x000000004012c404                svm_np_extern_mapsearch
                0x000000004012c4af                svm_np_map_1mb
                0x000000004012c510                svm_paging_extern_flush_tlb_entry
                0x000000004012c53a                svm_paging_map_1mb
                0x000000004012c561                svm_paging_flush_guest_tlb
                0x000000004012c59a                svm_paging_init
                0x000000004012c6ab                svm_paging_pagefault
                0x000000004012c6da                svm_paging_tlbflush
                0x000000004012c701                svm_paging_invalidate
                0x000000004012c732                svm_paging_npf
                0x000000004012c761                svm_paging_updatecr3
                0x000000004012c78a                svm_paging_spt_setcr3
                0x000000004012c7be                svm_paging_clear_all
                0x000000004012c7ea                svm_paging_get_gpat
                0x000000004012c7f8                svm_paging_set_gpat
                0x000000004012c838                svm_paging_apply_fixed_cr0
                0x000000004012c857                svm_paging_apply_fixed_cr4
                0x000000004012c876                svm_paging_pg_change
                0x000000004012c878                svm_paging_start
                0x000000004012c87e                svm_panic_dump
                0x000000004012c950                svm_read_general_reg
                0x000000004012ca8c                svm_write_general_reg
                0x000000004012cb98                svm_read_control_reg
                0x000000004012cc36                svm_write_control_reg
                0x000000004012cd0e                svm_read_sreg_sel
                0x000000004012cdcf                svm_read_sreg_acr
                0x000000004012ceaa                svm_read_sreg_base
                0x000000004012cfc1                svm_read_sreg_limit
                0x000000004012d0cd                svm_read_ip
                0x000000004012d0e7                svm_write_ip
                0x000000004012d108                svm_read_flags
                0x000000004012d122                svm_write_flags
                0x000000004012d139                svm_read_gdtr
                0x000000004012d16b                svm_write_gdtr
                0x000000004012d18f                svm_read_idtr
                0x000000004012d1c1                svm_write_idtr
                0x000000004012d1e5                svm_write_realmode_seg
                0x000000004012d324                svm_writing_sreg
                0x000000004012d414                int1a_TCG_StatusCheck
                0x000000004012d4e1                int1a_TCG_HashLogExtendEvent
                0x000000004012d56d                int1a_TCG_PassThroughToTPM
                0x000000004012d5f9                int1a_TCG_HashLogEvent
                0x000000004012d67c                int1a_TCG_HashAll
                0x000000004012d735                int1a_TCG_TSS
                0x000000004012d7c1                int1a_TCG_CompactHashLogExtendEvent
                0x000000004012d824                tcg_measure
                0x000000004012db31                thread_gettid
                0x000000004012db41                schedule
                0x000000004012dd7e                thread_new
                0x000000004012debc                thread_wakeup
                0x000000004012df9c                thread_will_stop
                0x000000004012e014                thread_exit
                0x000000004012e0ba                thread_start1
                0x000000004012e2b7                get_cpu_time
                0x000000004012e375                get_acpi_time
                0x000000004012e41c                get_time
                0x000000004012e604                timer_new
                0x000000004012e681                timer_set
                0x000000004012e79f                timer_free
                0x000000004012ec86                tty_putchar
                0x000000004012ee90                ttylog_stop
                0x000000004012ee9b                tty_udp_register
                0x000000004012eee0                tty_get_logbuf_info
                0x000000004012ef1d                ttylog_copy_to_panicmem
                0x000000004012ef30                ttylog_copy_from_panicmem
                0x000000004012ef43                tty_init_iohook
                0x000000004012ef68                vcpu_list_foreach
                0x000000004012ef98                load_new_vcpu
                0x000000004012f040                vga_register
                0x000000004012f0b5                vga_is_ready
                0x000000004012f108                vga_transfer_image
                0x000000004012f157                vga_fill_rect
                0x000000004012f191                vga_get_screen_size
                0x000000004012f46a                vmmcall
                0x000000004012f4c2                vmmcall_register
                0x000000004012f4ff                vmmcall_init
                0x000000004012f8dd                vmmcall_boot_continue
                0x000000004012f92b                vmmcall_boot_enable
                0x000000004012ffe6                register_status_callback
                0x0000000040130096                vramwrite_clearscreen
                0x00000000401300f3                vramwrite_putchar
                0x00000000401302b0                vramwrite_mark1
                0x00000000401302e8                vramwrite_mark2
                0x0000000040130329                vramwrite_mark3
                0x000000004013036a                vramwrite_save_and_move_cursor
                0x0000000040130398                vramwrite_restore_cursor
                0x00000000401303a6                vramwrite_get_cursor_pos
                0x00000000401303ec                vramwrite_init_global
                0x00000000401303f4                vramwrite_exit_global
                0x000000004013047f                vt_generate_pagefault
                0x0000000040130508                vt_generate_external_int
                0x000000004013055d                vmctl_vt_init
                0x0000000040130601                vt_update_exint
                0x0000000040130681                vt_vmptrld
                0x0000000040130c77                vt_ept_init
                0x0000000040130d7e                vt_ept_violation
                0x0000000040130e01                vt_ept_tlbflush
                0x0000000040130e03                vt_ept_updatecr3
                0x0000000040130ebf                vt_ept_clear_all
                0x0000000040130f66                vt_ept_extern_mapsearch
                0x0000000040131011                vt_ept_map_1mb
                0x0000000040131072                message_exitreason
                0x00000000401311e3                printexitreason
                0x0000000040131db0                vt_available
                0x0000000040131e4c                vt__vmx_init
                0x0000000040131e94                vt__vmxon
                0x0000000040131f3c                vt_vminit
                0x0000000040131f9b                vt_vmexit
                0x0000000040131fb8                vt_init
                0x0000000040131fcb                vt_enable_resume
                0x0000000040132107                vt_resume
                0x0000000040132250                vt_io
                0x0000000040132377                vt_iopass
                0x0000000040133238                init
                0x0000000040133442                parseData
                0x0000000040133449                judge
                0x0000000040133454                vt_update_exception_bmp
                0x0000000040133aa8                vt_init_signal
                0x0000000040133ab6                vt_start_vm
                0x0000000040133f9a                vt_msr_load_process64_msrs
                0x0000000040134048                vt_msr_own_process_msrs
                0x0000000040134074                vt_add_guest_msr
                0x00000000401341c8                vt_read_guest_msr
                0x0000000040134226                vt_write_guest_msr
                0x0000000040134281                vt_msr_update_lma
                0x0000000040134336                vt_read_msr
                0x0000000040134561                vt_write_msr
                0x00000000401347a0                vt_msrpass
                0x00000000401348a2                vt_msr_init
                0x00000000401349ee                vt_paging_extern_flush_tlb_entry
                0x0000000040134a43                vt_paging_map_1mb
                0x0000000040134a61                vt_paging_flush_guest_tlb
                0x0000000040134ac2                vt_paging_pagefault
                0x0000000040134af8                vt_paging_tlbflush
                0x0000000040134b1c                vt_paging_invalidate
                0x0000000040134b42                vt_paging_npf
                0x0000000040134b78                vt_paging_updatecr3
                0x0000000040134ba1                vt_paging_spt_setcr3
                0x0000000040134bc7                vt_paging_clear_all
                0x0000000040134bfd                vt_paging_get_gpat
                0x0000000040134c0b                vt_paging_set_gpat
                0x0000000040134c53                vt_paging_apply_fixed_cr0
                0x0000000040134cb6                vt_paging_apply_fixed_cr4
                0x0000000040134cf9                vt_paging_pg_change
                0x0000000040134f17                vt_paging_init
                0x0000000040134f66                vt_paging_start
                0x0000000040134f87                vt_panic_dump
                0x0000000040135180                vt_read_general_reg
                0x00000000401352a1                vt_write_general_reg
                0x0000000040135395                vt_read_control_reg
                0x000000004013545e                vt_read_sreg_sel
                0x0000000040135567                vt_read_sreg_acr
                0x00000000401355be                vt_read_sreg_base
                0x0000000040135641                vt_read_sreg_limit
                0x00000000401356be                vt_read_ip
                0x00000000401356c7                vt_write_ip
                0x00000000401356e2                vt_read_flags
                0x0000000040135704                vt_write_flags
                0x000000004013572a                vt_read_gdtr
                0x000000004013573a                vt_write_gdtr
                0x000000004013574a                vt_read_idtr
                0x0000000040135788                vt_write_idtr
                0x00000000401357b8                vt_write_control_reg
                0x0000000040135cb2                vt_get_current_regs_in_vmcs
                0x0000000040135f60                vt_get_vmcs_regs_in_vmcs
                0x00000000401360d8                vt_write_realmode_seg
                0x0000000040136224                vt_writing_sreg
                0x00000000401362b0                vt_reset
                0x00000000401365b2                prepare_for_sleep
                0x0000000040136674                cancel_sleep
                0x0000000040136699                wakeup_main
                0x0000000040136724                wakeup_cont
                0x0000000040136867                wakeup_init
                0x00000000401368ae                call_xsetbv
                0x0000000040136970                mpumul_64_64
                0x0000000040136990                mpudiv_128_32
                0x00000000401369b0                ipchecksum
                0x0000000040136a40                crc32
                0x0000000040136a50                asm_vmlaunch_regs_32
                0x0000000040136ad0                asm_vmresume_regs_32
                0x0000000040136b50                asm_vmrun_regs_32
                0x0000000040136bb0                asm_vmrun_regs_nested_32
                0x0000000040136c20                asm_vmlaunch_regs_64
                0x0000000040136d00                asm_vmresume_regs_64
                0x0000000040136de0                asm_vmrun_regs_64
                0x0000000040136e90                asm_vmrun_regs_nested_64
                0x0000000040136f42                callrealmode_start
                0x0000000040136f58                callrealmode_start2
                0x00000000401373e4                move_vmm_area32
                0x00000000401373e4                callrealmode_end
                0x0000000040137409                move_vmm_area64
                0x0000000040137438                int_handler
                0x00000000401374b0                int_callfunc
                0x0000000040138000                syscall_entry_sysexit
                0x000000004013802c                syscall_entry_lret
                0x000000004013805c                ret_to_user32
                0x0000000040138068                syscall_entry_sysret64
                0x00000000401380b0                ret_to_user64
                0x0000000040139000                processuser_sysenter
                0x000000004013a000                processuser_no_sysenter
                0x000000004013b000                processuser_syscall
                0x000000004013c140                memset
                0x000000004013c1c0                memcpy
                0x000000004013c200                strcmp
                0x000000004013c240                memcmp
                0x000000004013c280                strlen
                0x000000004013c298                sx_handler
                0x000000004013c2f0                thread_switch
                0x000000004013c310                thread_start0
                0x000000004013c34a                disconnect_pcidev_driver
                0x000000004013c3b0                core_init
                0x000000004013c3bc                core_mm_read_guest_phys
                0x000000004013c426                core_mm_write_guest_phys
                0x000000004013c490                alloc_handler_descriptor
                0x000000004013c4a3                core_io_modify_handler
                0x000000004013c565                core_io_unregister_handler
                0x000000004013c5df                core_io_handle_default
                0x000000004013c8ce                panic_oom
                0x000000004013c8e1                core_io_register_handler
                0x000000004013ca40                matched_drhd_u
                0x000000004013ca99                parse_dmar_bios_report
                0x000000004013caa5                ieee1394_init
                0x000000004013cafd                iommu_setup
                0x000000004013caff                iodom_init
                0x000000004013ccc8                add_remap
                0x000000004013cd45                create_dom
                0x000000004013cd4b                pci_conceal_config_write
                0x000000004013cd51                pci_conceal_config_read
                0x000000004013cdcc                pci_conceal_new
                0x000000004013d1d4                pci_save_config_addr
                0x000000004013d1e1                pci_restore_config_addr
                0x000000004013d1ee                pci_append_device
                0x000000004013d21b                pci_dump_pci_dev_list
                0x000000004013d21d                pci_find_driver_for_device
                0x000000004013d22b                pci_find_driver_by_token
                0x000000004013d29a                pci_config_addr_handler
                0x000000004013d2de                pci_set_bridge_fake_command
                0x000000004013d3ab                pci_register_driver
                0x000000004013d3f9                pci_register_intr_callback
                0x000000004013d412                pci_read_config_data8
                0x000000004013d453                pci_read_config_data16
                0x000000004013d495                pci_read_config_data32
                0x000000004013d4d6                pci_write_config_data8
                0x000000004013d517                pci_write_config_data16
                0x000000004013d559                pci_write_config_data32
                0x000000004013d59a                pci_read_config_data_port
                0x000000004013d5c7                pci_write_config_data_port
                0x000000004013d5f8                pci_readwrite_config_mmio
                0x000000004013d6be                pci_read_config_mmio
                0x000000004013d6e9                pci_write_config_mmio
                0x000000004013d714                pci_handle_default_config_write
                0x000000004013d880                pci_handle_default_config_read
                0x000000004013d949                pci_config_data_handler
                0x000000004013dc82                pci_config_mmio_handler
                0x000000004013dfb9                pci_get_bar_info
                0x000000004013dfcb                pci_set_bridge_io
                0x000000004013e309                pci_get_modifying_bar_info
                0x000000004013e3c2                pci_driver_option_get_int
                0x000000004013e43a                pci_driver_option_get_bool
                0x000000004013e52a                pci_msi_init
                0x000000004013e750                pci_msi_enable
                0x000000004013e79e                pci_msi_disable
                0x000000004013e7ec                pci_print_device
                0x000000004013ec9c                pci_get_bridge_from_bus_no
                0x000000004013ecde                pci_set_bridge_from_bus_no
                0x000000004013f00d                pci_reconnect_device
                0x000000004013f272                pci_possible_new_device
                0x000000004013f30f                pci_system_disconnect
                0x000000004013f7ef                pci_match
                0x000000004013ff26                pci_match_add_compat
                0x000000004013ff52                pci_match_find_driver
                0x0000000040140592                security_storage_check_lba
                0x0000000040141950                pci_monitor_config_read
                0x0000000040141a9f                pci_monitor_config_write
                0x00000000401420b5                pci_monitor_new
                0x000000004014503a                ahci_new
                0x00000000401452c3                ahci_config_read
                0x0000000040145329                ahci_config_write
                0x0000000040145538                ata_bm_handle_command
                0x000000004014565e                ata_bm_handle_status
                0x00000000401456fc                ata_bm_handle_prd_table
                0x00000000401457e8                ata_bm_handler
                0x00000000401458e2                ata_get_cmd_type
                0x0000000040145c07                ata_handle_queued_status
                0x0000000040146562                ata_channel_lock
                0x00000000401465ca                ata_channel_unlock
                0x00000000401465ec                ata_cmdblk_handler
                0x00000000401466f6                ata_ctlblk_handler
                0x00000000401472eb                ata_ahci_mode
                0x00000000401477ca                ata_init_io_handler
                0x0000000040147860                ata_set_bm_handler
                0x00000000401478b3                ata_set_cmdblk_handler
                0x00000000401478ec                ata_set_ctlblk_handler
                0x0000000040147927                ata_config_read
                0x00000000401479f5                ata_config_write
                0x0000000040147b93                ata_init_vendor
                0x0000000040147bb6                ata_bm_handle_device_specific
                0x0000000040147cb0                atapi_handle_config_data
                0x0000000040147efb                atapi_handle_interrupt_reason
                0x0000000040147f41                atapi_handle_pio_identify_packet
                0x00000000401480c7                atapi_handle_packet_data
                0x00000000401480cd                atapi_handle_cmd_packet
                0x000000004014813f                packet_handle_through
                0x000000004014816d                packet_handle_nondata
                0x0000000040148182                packet_handle_config
                0x00000000401481c7                packet_handle_rw
                0x0000000040148252                packet_handle_invalid
                0x0000000040148267                packet_handle_command
                0x00000000401482a0                uhci_init
                0x0000000040148b53                uhci_current_frame_number
                0x0000000040148b60                dump_td_byvirt
                0x0000000040148d28                dump_td
                0x0000000040148df5                dump_qh
                0x0000000040148fcf                dump_frame
                0x00000000401490d0                uhci_dump_all
                0x0000000040149289                uhci_error_status_string
                0x0000000040149310                usb_api_batchtest
                0x00000000401499e3                uhci_shadow_buffer
                0x0000000040149c45                uhci_framelist_monitor
                0x000000004014bbaa                scan_gframelist
                0x000000004014c469                uhci_create_urb
                0x000000004014c5c0                uhci_destroy_urb
                0x000000004014c6e9                uhci_destroy_unlinked_urbs
                0x000000004014c7bd                uhci_deactivate_urb
                0x000000004014cb1e                uhci_activate_urb
                0x000000004014d096                uhci_reactivate_urb
                0x000000004014d138                uhci_submit_control
                0x000000004014d764                uhci_submit_interrupt
                0x000000004014d7cd                uhci_submit_bulk
                0x000000004014d836                uhci_check_urb_advance
                0x000000004014d862                uhci_check_advance
                0x000000004014da67                init_hframelist
                0x000000004014dd2b                ehci_conceal_portroute
                0x000000004014dd66                ehci_init
                0x000000004014fbc7                ehci_dump_qtd
                0x000000004014fc27                ehci_dump_qtdm
                0x000000004014fc5b                ehci_dump_alist
                0x000000004014fd18                ehci_dump_urblist
                0x000000004014fda2                ehci_dump_urb
                0x0000000040150238                ehci_dump_async
                0x000000004015069f                ehci_dump_all
                0x0000000040151c1e                ehci_shadow_buffer
                0x0000000040151eba                get_gurb_by_address
                0x0000000040151f51                shadow_and_activate_urb
                0x000000004015223b                ehci_deactivate_urb
                0x00000000401523c2                deactivate_and_delete_urb
                0x000000004015263a                ehci_check_urb_advance
                0x00000000401527fe                ehci_check_advance
                0x0000000040152a39                ehci_shadow_async_list
                0x0000000040152b41                ehci_cleanup_urbs
                0x0000000040152c9b                ehci_end_monitor_async
                0x0000000040152d05                ehci_monitor_async_list
                0x000000004015338b                ehci_submit_control
                0x0000000040153928                ehci_submit_bulk
                0x000000004015392e                ehci_submit_interrupt
                0x0000000040153a01                xhci_init
                0x000000004015658e                xhci_unmap_guest_erst
                0x0000000040156623                xhci_create_shadow_erst
                0x0000000040156840                xhci_update_er_and_dev_ctx
                0x0000000040157568                xhci_sync_state
                0x00000000401575bf                xhci_process_cmd_trb
                0x0000000040158444                xhci_construct_gurbs
                0x00000000401590bc                xhci_append_h_urb_to_ep
                0x0000000040159119                xhci_shadow_g_urb
                0x0000000040159251                xhci_shadow_trbs
                0x0000000040159746                xhci_hand_eps_back_to_guest
                0x00000000401597bb                xhci_set_no_data_trb_hook
                0x0000000040159823                xhci_ep0_shadowing
                0x000000004015984f                xhci_ep0_copyback
                0x00000000401598ca                xhci_hc_reset
                0x00000000401599d7                xhci_submit_control
                0x0000000040159e87                xhci_submit_bulk
                0x0000000040159e8d                xhci_submit_interrupt
                0x0000000040159e93                xhci_check_urb_advance
                0x000000004015a1d2                xhci_deactivate_urb
                0x000000004015be2a                usbmsc_init_handle
                0x000000004015c1eb                usbhub_init_handle
                0x000000004015c25f                hub_portdevice_register
                0x000000004015c929                usbccid_init_handle
                0x000000004015ca40                usb_set_debug
                0x000000004015ca47                usb_init
                0x000000004015ca49                usb_find_busses
                0x000000004015cb26                usb_get_busses
                0x000000004015cb2e                usb_get_bus
                0x000000004015cb59                usb_find_devices
                0x000000004015cba4                usb_open
                0x000000004015cc01                usb_close
                0x000000004015cc14                usb_resetep
                0x000000004015cc1a                usb_clear_halt
                0x000000004015cc20                usb_reset
                0x000000004015cc26                usb_claim_interface
                0x000000004015cc2f                usb_release_interface
                0x000000004015cc3c                usb_set_configuration
                0x000000004015cee5                usb_set_altinterface
                0x000000004015d190                usb_control_msg
                0x000000004015d4f1                usb_get_string
                0x000000004015d82e                usb_get_string_simple
                0x000000004015da1a                usb_get_descriptor
                0x000000004015dd5c                usb_get_descriptor_early
                0x000000004015e0aa                usb_get_descriptor_by_endpoint
                0x000000004015e3f0                usb_bulk_write
                0x000000004015e622                usb_interrupt_write
                0x000000004015e854                usb_bulk_read
                0x000000004015eb05                usb_interrupt_read
                0x000000004015edb6                usb_register_host
                0x000000004015eef0                usb_unregister_devices
                0x000000004015ef23                usb_sc_lock
                0x000000004015ef86                usb_sc_unlock
                0x000000004015f683                free_config_descriptors
                0x000000004015f7d3                free_device
                0x000000004015f938                handle_connect_status
                0x000000004015fa35                handle_port_reset
                0x000000004015fb08                dprintf_port
                0x00000000401609d6                usb_init_device_monitor
                0x0000000040160a3b                usb_init_device
                0x0000000040160abb                usb_new_dev_handle
                0x0000000040160b6f                usbhid_init_handle
                0x0000000040160c96                usb_hook_register_ex
                0x0000000040160dbd                usb_hook_register
                0x0000000040160e18                usb_hook_unregister
                0x0000000040160e8b                usb_hook_process
                0x000000004016121a                _dprintf
                0x0000000040161270                _dprintft
                0x000000004016132e                pro100_io_handler
                0x0000000040161334                pro100_config_read
                0x000000004016134e                pro100_config_write
                0x0000000040161471                pro100_init
                0x0000000040161484                pro100_init_vpn_client
                0x00000000401614cb                pro100_sleep
                0x00000000401614f9                pro100_beep
                0x0000000040161522                pro100_get_ctx
                0x000000004016159d                pro100_alloc_page
                0x00000000401615d2                pro100_free_page
                0x00000000401615ea                pro100_get_op_size
                0x0000000040161623                pro100_mem_read
                0x0000000040161687                pro100_read_send_packet
                0x0000000040161858                pro100_mem_write
                0x00000000401618ba                pro100_write
                0x0000000040161928                pro100_read
                0x00000000401619a3                pro100_wait_cu_ru_accepable
                0x00000000401619df                pro100_init_cu_base_addr
                0x0000000040161a32                pro100_init_ru_base_addr
                0x0000000040161a85                pro100_flush
                0x0000000040161aa3                pro100_exec_cu_op
                0x0000000040161bec                pro100_send_packet_to_line
                0x0000000040161d23                pro100_generate_int
                0x0000000040161d55                pro100_write_recv_packet
                0x0000000040161ea7                pro100_proc_guest_op
                0x00000000401620bb                pro100_get_int_bit_string
                0x0000000040162131                pro100_get_stat_ack_string
                0x000000004016219c                pro100_get_cu_command_string
                0x000000004016220a                pro100_get_ru_command_string
                0x0000000040162248                pro100_init_recv_buffer
                0x000000004016237b                pro100_poll_ru
                0x000000004016247b                pro100_hook_write
                0x0000000040162735                pro100_hook_read
                0x00000000401628f3                pro100_mm_handler
                0x0000000040162a38                pro100_alloc_recv_buffer
                0x0000000040162a99                pro100_new
                0x00000000401670ae                virtio_net_config_read
                0x0000000040167320                virtio_net_config_write
                0x00000000401674cc                virtio_net_set_multifunction
                0x00000000401674d0                virtio_net_set_msix
                0x00000000401674e9                virtio_net_msix
                0x000000004016756f                virtio_intr
                0x00000000401675d1                virtio_net_init
                0x0000000040167786                storage_premap_buf
                0x000000004016778c                storage_premap_handle_sectors
                0x0000000040167ab2                storage_get_num_hc
                0x0000000040167adf                storage_hc_open
                0x0000000040167bd4                storage_hc_close
                0x0000000040167c21                storage_hc_hook_register
                0x0000000040167c99                storage_hc_hook_unregister
                0x0000000040167d36                storage_hc_register
                0x0000000040167efc                storage_hc_unregister
                0x0000000040167ff1                storage_hc_scandev
                0x0000000040168039                storage_hc_dev_open
                0x0000000040168166                storage_hc_dev_atacommand
                0x0000000040168339                storage_hc_dev_close
                0x00000000401683ec                storage_io_init
                0x00000000401683fc                storage_io_deinit
                0x000000004016840a                storage_io_get_num_devices
                0x00000000401684cd                storage_io_aget_size
                0x0000000040168620                storage_io_aread
                0x000000004016883d                storage_io_awrite
                0x0000000040168fa3                storage_handle_sectors
                0x00000000401691c5                storage_new
                0x0000000040169636                storage_free
                0x0000000040169644                storage_init
                0x000000004016985b                aes_xts_init
                0x00000000401698a0                crypto_find
                0x00000000401698e6                crypto_register
                0x0000000040169929                crypto_init
                0x000000004016997b                crypto_none_init
                0x0000000040169b43                msg_usb_bulk_read
                0x0000000040169bad                msg_usb_bulk_write
                0x0000000040169c17                msg_usb_claim_interface
                0x0000000040169c65                msg_usb_close
                0x0000000040169cc0                msg_usb_control_msg
                0x0000000040169d44                msg_usb_find_busses
                0x0000000040169d85                msg_usb_find_devices
                0x0000000040169dc6                msg_usb_get_busses
                0x0000000040169e3b                msg_usb_get_string_simple
                0x0000000040169ea0                msg_usb_init
                0x0000000040169eb8                msg_usb_open
                0x0000000040169f39                msg_usb_release_interface
                0x0000000040169f87                msg_usb_reset
                0x0000000040169fce                IDMan_StReadSetData
                0x000000004016a6b3                idman_user_init
                0x000000004016a700                IDMan_IPIdPassListMalloc
                0x000000004016a7d6                IDMan_IPRetJudgment
                0x000000004016a84e                IDMan_IPInitializeReader
                0x000000004016a882                IDMan_IPInitialize
                0x000000004016a978                IDMan_IPFinalize
                0x000000004016a9c1                IDMan_IPFinalizeReader
                0x000000004016a9e6                IDMan_getMemoryFree
                0x000000004016aa2f                IDMan_PaddingParamChk
                0x000000004016ab32                IDMan_CmPadding
                0x000000004016aca8                IDMan_CmPadding2
                0x000000004016adeb                IDMan_IPgetCertPKCS
                0x000000004016b499                IDMan_IPgetCertIdxPKCS
                0x000000004016b9cf                IDMan_IPCheckPKC
                0x000000004016bbeb                IDMan_CheckCardStatus
                0x000000004016bc20                IDMan_IPgSParamChk
                0x000000004016bd57                IDMan_IPgIdxSParamChk
                0x000000004016bd98                IDMan_IPgetPrivateKey
                0x000000004016bfaa                IDMan_IPgetHash
                0x000000004016c08a                IDMan_IPCrSignature
                0x000000004016c1e8                IDMan_generateSignature
                0x000000004016c328                IDMan_generateSignatureByIndex
                0x000000004016c44e                IDMan_EncryptByIndex
                0x000000004016c590                IDMan_IPgCParamChk
                0x000000004016c687                IDMan_getCertificate
                0x000000004016c9c4                IDMan_IPgCIndexParamChk
                0x000000004016c9f6                IDMan_getCertificateByIndex
                0x000000004016cd90                IDMan_getStaticPassword
                0x000000004016d0e0                IDMan_IPuAPKCS11ParamChk
                0x000000004016d1ec                IDMan_IPuAPKCS11IdxParamChk
                0x000000004016d215                IDMan_IPgetCertPkeyPKCSx
                0x000000004016d6fe                IDMan_IPgetCertPkeyIdxPKCSx
                0x000000004016db37                IDMan_IPgetCertPkeyPKCSy
                0x000000004016dc79                IDMan_IPCheckCrlPkcX
                0x000000004016dda9                IDMan_IPgetMakeRandData
                0x000000004016de15                IDMan_IPMkRandHash
                0x000000004016debb                IDMan_IPgetPrivateKeyPKCSx
                0x000000004016e0c7                IDMan_IPSignatureVerify
                0x000000004016e240                IDMan_userAuthPKCS11
                0x000000004016e72d                IDMan_userAuthPKCS11ByIndex
                0x000000004016ec20                IDMan_IPvSParamChk
                0x000000004016edbf                IDMan_IPvSIdxParamChk
                0x000000004016ee41                IDMan_IPMkPublicKeyObj
                0x000000004016ef8d                IDMan_IPCheckSignature
                0x000000004016f14a                IDMan_verifySignature
                0x000000004016f34a                IDMan_verifySignatureByIndex
                0x000000004016f530                CardEstablishContext
                0x000000004016f54b                CardReleaseContext
                0x000000004016f56f                CardListReaders
                0x000000004016f58a                CardConnect
                0x000000004016f5cb                CardDisconnect
                0x000000004016f5eb                CardStatus
                0x000000004016f643                CardTransmit
                0x000000004016f682                SelectFileDF
                0x000000004016f74c                SelectFileEF
                0x000000004016f811                Verify
                0x000000004016f8ef                InternalAuth
                0x000000004016f9fb                ReadBinary
                0x000000004016ff40                UpdateBinary
                0x000000004017003a                GetICCardData
                0x0000000040170390                GetUlByTxt
                0x00000000401703ca                GetVerByTex
                0x00000000401704a7                GetUlByByte
                0x00000000401704f2                TransHex2Tex
                0x000000004017057c                TransTex2Hex
                0x000000004017063a                GetLength
                0x000000004017069b                SetLength
                0x00000000401706fa                GetTlvByBuf
                0x0000000040170a65                GetDirDataByTlv
                0x0000000040170b98                GetOdfDataByTlv
                0x0000000040170d0b                GetTokenDataByTlv
                0x0000000040171147                AddObjTblByTlv
                0x0000000040171775                AddCertDataByBuf
                0x000000004017186c                AddIdPassDataByBuf
                0x0000000040171c45                GetValueData
                0x0000000040171fe0                AddElem
                0x0000000040172069                SetElem
                0x000000004017211d                GetElem
                0x0000000040172154                GetAttrValType
                0x00000000401722c1                DestroyAttribute
                0x00000000401722fe                DestroyTlvData
                0x000000004017231c                DestroyElem
                0x0000000040172395                DestroyList
                0x00000000401723d3                DestroyTokenData
                0x0000000040172426                DestroySlotData
                0x0000000040172455                DestroySessionData
                0x0000000040172486                DelElem
                0x00000000401724f0                C_GetFunctionList
                0x00000000401724fd                C_Initialize
                0x000000004017266e                C_Finalize
                0x000000004017270d                C_GetInfo
                0x000000004017278f                C_GetSlotList
                0x0000000040172fe7                C_GetSlotInfo
                0x00000000401730cd                C_GetTokenInfo
                0x000000004017396e                C_GetMechanismList
                0x0000000040173a35                C_GetMechanismInfo
                0x0000000040173ae8                C_OpenSession
                0x0000000040173ca2                C_CloseSession
                0x0000000040173d6f                C_CloseAllSessions
                0x0000000040173e80                C_GetSessionInfo
                0x0000000040173efa                C_Login
                0x0000000040174379                C_Logout
                0x0000000040174489                C_FindObjectsInit
                0x00000000401746ea                C_FindObjects
                0x0000000040174c36                C_FindObjectsFinal
                0x0000000040174caf                C_GetAttributeValue
                0x0000000040174ff4                C_SignInit
                0x00000000401750c0                C_Sign
                0x000000004017544e                C_DigestInit
                0x00000000401754c7                C_DigestUpdate
                0x0000000040175546                C_DigestFinal
                0x000000004017568c                C_VerifyInit
                0x0000000040175758                C_Verify
                0x00000000401758c2                C_CreateObject
                0x0000000040175b81                C_DestroyObject
                0x0000000040175c3e                C_SetAttributeValue
                0x000000004017685b                C_GetCardStatus
                0x00000000401768f0                IDMan_StFree
                0x0000000040176904                IDMan_StMemcpy
                0x0000000040176928                IDMan_StMemset
                0x0000000040176944                IDMan_StMalloc
                0x000000004017697e                IDMan_StMemcmp
                0x00000000401769ca                IDMan_StStrlen
                0x00000000401769e6                IDMan_StStrcat
                0x0000000040176a20                IDMan_StStrchr
                0x0000000040176a53                IDMan_StStrcpy
                0x0000000040176a7a                IDMan_StStrcmp
                0x0000000040176ab9                StIsspace
                0x0000000040176b1a                StIsdigit
                0x0000000040176b27                IDMan_StAtoi
                0x0000000040176b7b                IDMan_StAtol
                0x0000000040176bd9                IDMan_CmMkHash
                0x0000000040176d8e                IDMan_CmChgRSA
                0x0000000040176f2d                IDMan_CmGetDN
                0x00000000401771b0                IDMan_CmGetCertificateSign
                0x00000000401773b2                IDMan_CmGetPublicKey
                0x0000000040177563                IDMan_CmMakeRand
                0x00000000401775fe                IDMan_CmCheckCRL
                0x0000000040177960                IDMan_SCardEstablishContext
                0x0000000040177980                IDMan_SCardReleaseContext
                0x000000004017798e                IDMan_SCardListReaders
                0x00000000401779bc                IDMan_SCardConnect
                0x00000000401779ea                IDMan_SCardDisconnect
                0x00000000401779f8                IDMan_SCardStatus
                0x0000000040177a74                IDMan_SCardSizeLongToChar
                0x0000000040177ab5                IDMan_SCardSetBinay
                0x0000000040177e00                IDMan_SCardTransmit
                0x0000000040177e70                EHDestroyEventHandler
                0x0000000040177ed0                EHInitEventHandler
                0x0000000040177f90                EHStatusHandler
                0x000000004017811f                HPSearchHotPluggables
                0x0000000040178460                PHGetProtocol
                0x0000000040178887                PHSetProtocol
                0x00000000401788de                RFAddReader
                0x00000000401789f5                RFRemoveReader
                0x0000000040178ab3                RFReaderInfoById
                0x0000000040178adf                RFCheckReaderEventState
                0x0000000040178b10                SCardEstablishContext
                0x0000000040178bf8                SCardListReaders
                0x0000000040178c85                SCardConnect
                0x0000000040178f14                SCardDisconnect
                0x00000000401790cb                SCardBeginTransaction
                0x0000000040179120                SCardEndTransaction
                0x00000000401792fc                SCardStatus
                0x000000004017951b                SCardReleaseContext
                0x00000000401795e2                SCardTransmit
                0x0000000040179820                SetATR
                0x0000000040179a5a                GetIFSCData
                0x0000000040179ab2                GetBWICWIData
                0x0000000040179b4c                IFDHCloseChannel
                0x0000000040179bc8                IFDHGetCapabilities
                0x0000000040179c08                IFDHSetProtocolParameters
                0x000000004017a33a                IFDHPowerICC
                0x000000004017a51a                IFDHTransmitToICC
                0x000000004017a7e9                IFDHControl
                0x000000004017a8f1                IFDHICCPresence
                0x000000004017a991                IFDHCreateChannel
                0x000000004017aa40                FindBaudRateTable
                0x000000004017aa82                ExchangePPSData
                0x000000004017b131                InitLeaderCardProtocol
                0x000000004017b22f                T1XfrBlockTPDU
                0x000000004017b859                T1NegociateIFSD
                0x000000004017b992                CardStateConfirm
                0x000000004017b9c3                GetCardStatus
                0x000000004017bacf                PowerOn
                0x000000004017bc3a                PowerOff
                0x000000004017bd8e                CardMechanical
                0x000000004017bea0                TransmitPPS
                0x000000004017bfe1                TransmitCommand
                0x000000004017c08b                ReceiveReply
                0x000000004017c21c                ReadDataT0
                0x000000004017c2c8                BlockSendCardT1
                0x000000004017c4e0                T0XfrBlockCHAR
                0x000000004017c9f6                T0XfrBlockTPDU
                0x000000004017ca72                T1XfrBlockExtendedAPDU
                0x000000004017cdb5                OpenUSB
                0x000000004017d15c                WriteUSB
                0x000000004017d17e                ReadUSB
                0x000000004017d1cb                CloseUSB
                0x000000004017d35d                net_register
                0x000000004017d3c7                net_new_nic
                0x000000004017d493                net_init
                0x000000004017d4ca                net_start
                0x000000004017d514                net_premap_recvbuf
                0x000000004017d540                lwip_htons
                0x000000004017d547                lwip_ntohs
                0x000000004017d54e                lwip_htonl
                0x000000004017d574                lwip_ntohl
                0x000000004017e89a                dhcp_set_struct
                0x000000004017e98d                dhcp_cleanup
                0x000000004017e9cc                dhcp_inform
                0x000000004017eaee                dhcp_network_changed
                0x000000004017eb3f                dhcp_renew
                0x000000004017ec08                dhcp_coarse_tmr
                0x000000004017ec8f                dhcp_release
                0x000000004017ed9a                dhcp_fine_tmr
                0x000000004017ee82                dhcp_stop
                0x000000004017eefd                dhcp_start
                0x000000004017f633                dns_setserver
                0x000000004017f65c                dns_init
                0x000000004017f6d5                dns_getserver
                0x000000004017f6ee                dns_tmr
                0x000000004017f72a                dns_gethostbyname
                0x000000004017f960                lwip_init
                0x000000004017f990                mem_init
                0x000000004017f9e2                mem_free
                0x000000004017fb5f                mem_trim
                0x000000004017fc9e                mem_malloc
                0x000000004017fe67                mem_calloc
                0x000000004017fe98                memp_init
                0x000000004017ff00                memp_malloc
                0x000000004017ff6a                memp_free
                0x000000004017ffb0                netif_init
                0x000000004017ffb2                netif_find
                0x000000004017fffe                netif_set_ipaddr
                0x0000000040180085                netif_set_addr
                0x00000000401800c1                netif_add
                0x000000004018016d                netif_set_gw
                0x000000004018017f                netif_set_netmask
                0x0000000040180191                netif_set_default
                0x0000000040180199                netif_set_up
                0x00000000401801c3                netif_set_down
                0x00000000401801e6                netif_remove
                0x0000000040180257                netif_set_link_up
                0x000000004018029d                netif_set_link_down
                0x00000000401802b0                pbuf_free_ooseq
                0x00000000401802fb                pbuf_alloced_custom
                0x000000004018039c                pbuf_header
                0x0000000040180486                pbuf_free
                0x0000000040180594                pbuf_alloc
                0x000000004018087d                pbuf_realloc
                0x00000000401809ac                pbuf_clen
                0x00000000401809c9                pbuf_ref
                0x00000000401809d5                pbuf_cat
                0x0000000040180a62                pbuf_chain
                0x0000000040180a75                pbuf_dechain
                0x0000000040180b28                pbuf_copy
                0x0000000040180cce                pbuf_copy_partial
                0x0000000040180dad                pbuf_take
                0x0000000040180ec0                pbuf_coalesce
                0x0000000040180f30                pbuf_get_at
                0x0000000040180f6d                pbuf_memcmp
                0x0000000040181009                pbuf_memfind
                0x0000000040181070                pbuf_strstr
                0x00000000401810c0                raw_input
                0x000000004018116e                raw_bind
                0x0000000040181184                raw_connect
                0x000000004018119b                raw_recv
                0x00000000401811a4                raw_sendto
                0x00000000401812c3                raw_send
                0x00000000401812d5                raw_remove
                0x0000000040181329                raw_new
                0x000000004018144e                tcp_init
                0x0000000040181450                tcp_bind
                0x000000004018153b                tcp_listen_with_backlog
                0x0000000040181665                tcp_update_rcv_ann_wnd
                0x00000000401816e5                tcp_recved
                0x000000004018176a                tcp_seg_free
                0x0000000040181790                tcp_segs_free
                0x00000000401817ab                tcp_setprio
                0x00000000401817b0                tcp_seg_copy
                0x00000000401817f9                tcp_arg
                0x00000000401817fe                tcp_recv
                0x000000004018182e                tcp_sent
                0x000000004018185e                tcp_err
                0x000000004018188e                tcp_accept
                0x0000000040181893                tcp_poll
                0x00000000401818c6                tcp_pcb_purge
                0x0000000040181946                tcp_slowtmr
                0x0000000040181e89                tcp_pcb_remove
                0x0000000040182214                tcp_close
                0x0000000040182231                tcp_recv_null
                0x0000000040182265                tcp_process_refused_data
                0x0000000040182321                tcp_fasttmr
                0x0000000040182399                tcp_tmr
[...]
tcp_send_empty_ack                                output.o
tcp_send_fin                                      output.o
tcp_sent                                          output.o
tcp_setprio                                       output.o
tcp_shutdown                                      output.o
tcp_slowtmr                                       output.o
tcp_state_str                                     output.o
tcp_ticks                                         output.o
tcp_timer_needed                                  output.o
tcp_tmp_pcb                                       output.o
tcp_tmr                                           output.o
tcp_tw_pcbs                                       output.o
tcp_update_rcv_ann_wnd                            output.o
tcp_write                                         output.o
tcp_zero_window_probe                             output.o
tcpip_begin                                       output.o
thread_exit                                       output.o
thread_gettid                                     output.o
thread_new                                        output.o
thread_start0                                     output.o
thread_start1                                     output.o
thread_switch                                     output.o
thread_wakeup                                     output.o
thread_will_stop                                  output.o
timer_free                                        output.o
timer_new                                         output.o
timer_set                                         output.o
tree_find_sk                                      output.o
tty_get_logbuf_info                               output.o
tty_init_iohook                                   output.o
tty_putchar                                       output.o
tty_udp_register                                  output.o
ttylog_copy_from_panicmem                         output.o
ttylog_copy_to_panicmem                           output.o
ttylog_stop                                       output.o
udp_bind                                          output.o
udp_connect                                       output.o
udp_disconnect                                    output.o
udp_init                                          output.o
udp_input                                         output.o
udp_new                                           output.o
udp_pcbs                                          output.o
udp_recv                                          output.o
udp_remove                                        output.o
udp_send                                          output.o
udp_sendto                                        output.o
udp_sendto_if                                     output.o
uefi_acpi_20_table                                output.o
uefi_acpi_table                                   output.o
uefi_allocate_pages                               output.o
uefi_booted                                       output.o
uefi_close_protocol                               output.o
uefi_conin                                        output.o
uefi_conin_read_key_stroke                        output.o
uefi_conout                                       output.o
uefi_conout_output_string                         output.o
uefi_disconnect_controller                        output.o
uefi_entry_call                                   output.o
uefi_entry_pcpy                                   output.o
uefi_entry_ret_addr                               output.o
uefi_entry_rsp                                    output.o
uefi_entry_start                                  output.o
uefi_entry_virttophys                             output.o
uefi_free_pages                                   output.o
uefi_free_pool                                    output.o
uefi_get_memory_map                               output.o
uefi_image_handle                                 output.o
uefi_init                                         output.o
uefi_init_get_vmmsize                             output.o
uefi_locate_handle_buffer                         output.o
uefi_memory_map_data                              output.o
uefi_memory_map_descsize                          output.o
uefi_memory_map_size                              output.o
uefi_mmio_space                                   output.o
uefi_open_protocol                                output.o
uefi_wait_for_event                               output.o
uhci_activate_urb                                 output.o
uhci_check_advance                                output.o
uhci_check_urb_advance                            output.o
uhci_create_urb                                   output.o
uhci_current_frame_number                         output.o
uhci_deactivate_urb                               output.o
uhci_destroy_unlinked_urbs                        output.o
uhci_destroy_urb                                  output.o
uhci_dump_all                                     output.o
uhci_error_status_string                          output.o
uhci_framelist_monitor                            output.o
uhci_init                                         output.o
uhci_monitor_boost_hc                             output.o
uhci_reactivate_urb                               output.o
uhci_shadow_buffer                                output.o
uhci_submit_bulk                                  output.o
uhci_submit_control                               output.o
uhci_submit_interrupt                             output.o
unmapmem                                          output.o
update_mtrr_and_pat                               output.o
usb_api_batchtest                                 output.o
usb_bulk_read                                     output.o
usb_bulk_write                                    output.o
usb_busses_head                                   output.o
usb_claim_interface                               output.o
usb_clear_halt                                    output.o
usb_close                                         output.o
usb_control_msg                                   output.o
usb_find_busses                                   output.o
usb_find_devices                                  output.o
usb_get_bus                                       output.o
usb_get_busses                                    output.o
usb_get_descriptor                                output.o
usb_get_descriptor_by_endpoint                    output.o
usb_get_descriptor_early                          output.o
usb_get_string                                    output.o
usb_get_string_simple                             output.o
usb_hc_list_head                                  output.o
usb_hook_process                                  output.o
usb_hook_register                                 output.o
usb_hook_register_ex                              output.o
usb_hook_unregister                               output.o
usb_init                                          output.o
usb_init_device                                   output.o
usb_init_device_monitor                           output.o
usb_interrupt_read                                output.o
usb_interrupt_write                               output.o
usb_log_level                                     output.o
usb_new_dev_handle                                output.o
usb_open                                          output.o
usb_register_host                                 output.o
usb_release_interface                             output.o
usb_reset                                         output.o
usb_resetep                                       output.o
usb_sc_lock                                       output.o
usb_sc_unlock                                     output.o
usb_set_altinterface                              output.o
usb_set_configuration                             output.o
usb_set_debug                                     output.o
usb_unregister_devices                            output.o
usbccid_init_handle                               output.o
usbhid_init_handle                                output.o
usbhub_init_handle                                output.o
usbmsc_init_handle                                output.o
use_pae                                           output.o
usleep                                            output.o
v2i_ASN1_BIT_STRING                               output.o
v2i_GENERAL_NAME                                  output.o
v2i_GENERAL_NAMES                                 output.o
v2i_GENERAL_NAME_ex                               output.o
v3_akey_id                                        output.o
v3_alt                                            output.o
v3_bcons                                          output.o
v3_cpols                                          output.o
v3_crl_hold                                       output.o
v3_crl_invdate                                    output.o
v3_crl_num                                        output.o
v3_crl_reason                                     output.o
v3_crld                                           output.o
v3_delta_crl                                      output.o
v3_ext_ku                                         output.o
v3_freshest_crl                                   output.o
v3_idp                                            output.o
v3_info                                           output.o
v3_inhibit_anyp                                   output.o
v3_key_usage                                      output.o
v3_name_constraints                               output.o
v3_ns_ia5_list                                    output.o
v3_nscert                                         output.o
v3_ocsp_accresp                                   output.o
v3_ocsp_acutoff                                   output.o
v3_ocsp_crlid                                     output.o
v3_ocsp_nocheck                                   output.o
v3_ocsp_nonce                                     output.o
v3_ocsp_serviceloc                                output.o
v3_pci                                            output.o
v3_pkey_usage_period                              output.o
v3_policy_constraints                             output.o
v3_policy_mappings                                output.o
v3_sinfo                                          output.o
v3_skey_id                                        output.o
v3_sxnet                                          output.o
vcpu_list_foreach                                 output.o
vga_fill_rect                                     output.o
vga_get_screen_size                               output.o
vga_is_ready                                      output.o
vga_register                                      output.o
vga_transfer_image                                output.o
virtio_intr                                       output.o
virtio_net_config_read                            output.o
virtio_net_config_write                           output.o
virtio_net_init                                   output.o
virtio_net_msix                                   output.o
virtio_net_set_msix                               output.o
virtio_net_set_multifunction                      output.o
vmctl_svm_init                                    output.o
vmctl_vt_init                                     output.o
vmm_base_cr3                                      output.o
vmm_main                                          output.o
vmm_start_inf                                     output.o
vmm_start_phys                                    output.o
vmm_term_inf                                      output.o
vmmcall                                           output.o
vmmcall_boot_continue                             output.o
vmmcall_boot_enable                               output.o
vmmcall_init                                      output.o
vmmcall_register                                  output.o
vmmsize                                           output.o
vprintf                                           output.o
vramwrite_clearscreen                             output.o
vramwrite_exit_global                             output.o
vramwrite_get_cursor_pos                          output.o
vramwrite_init_global                             output.o
vramwrite_mark1                                   output.o
vramwrite_mark2                                   output.o
vramwrite_mark3                                   output.o
vramwrite_putchar                                 output.o
vramwrite_restore_cursor                          output.o
vramwrite_save_and_move_cursor                    output.o
vsnprintf                                         output.o
vt__vmx_init                                      output.o
vt__vmxon                                         output.o
vt_add_guest_msr                                  output.o
vt_available                                      output.o
vt_enable_resume                                  output.o
vt_ept_clear_all                                  output.o
vt_ept_extern_mapsearch                           output.o
vt_ept_init                                       output.o
vt_ept_map_1mb                                    output.o
vt_ept_tlbflush                                   output.o
vt_ept_updatecr3                                  output.o
vt_ept_violation                                  output.o
vt_generate_external_int                          output.o
vt_generate_pagefault                             output.o
vt_get_current_regs_in_vmcs                       output.o
vt_get_vmcs_regs_in_vmcs                          output.o
vt_init                                           output.o
vt_init_signal                                    output.o
vt_io                                             output.o
vt_iopass                                         output.o
vt_msr_init                                       output.o
vt_msr_load_process64_msrs                        output.o
vt_msr_own_process_msrs                           output.o
vt_msr_update_lma                                 output.o
vt_msrpass                                        output.o
vt_paging_apply_fixed_cr0                         output.o
vt_paging_apply_fixed_cr4                         output.o
vt_paging_clear_all                               output.o
vt_paging_extern_flush_tlb_entry                  output.o
vt_paging_flush_guest_tlb                         output.o
vt_paging_get_gpat                                output.o
vt_paging_init                                    output.o
vt_paging_invalidate                              output.o
vt_paging_map_1mb                                 output.o
vt_paging_npf                                     output.o
vt_paging_pagefault                               output.o
vt_paging_pg_change                               output.o
vt_paging_set_gpat                                output.o
vt_paging_spt_setcr3                              output.o
vt_paging_start                                   output.o
vt_paging_tlbflush                                output.o
vt_paging_updatecr3                               output.o
vt_panic_dump                                     output.o
vt_read_control_reg                               output.o
vt_read_flags                                     output.o
vt_read_gdtr                                      output.o
vt_read_general_reg                               output.o
vt_read_guest_msr                                 output.o
vt_read_idtr                                      output.o
vt_read_ip                                        output.o
vt_read_msr                                       output.o
vt_read_sreg_acr                                  output.o
vt_read_sreg_base                                 output.o
vt_read_sreg_limit                                output.o
vt_read_sreg_sel                                  output.o
vt_reset                                          output.o
vt_resume                                         output.o
vt_start_vm                                       output.o
vt_update_exception_bmp                           output.o
vt_update_exint                                   output.o
vt_vmexit                                         output.o
vt_vminit                                         output.o
vt_vmptrld                                        output.o
vt_write_control_reg                              output.o
vt_write_flags                                    output.o
vt_write_gdtr                                     output.o
vt_write_general_reg                              output.o
vt_write_guest_msr                                output.o
vt_write_idtr                                     output.o
vt_write_ip                                       output.o
vt_write_msr                                      output.o
vt_write_realmode_seg                             output.o
vt_writing_sreg                                   output.o
waitcycles                                        output.o
wakeup_cont                                       output.o
wakeup_entry_addr                                 output.o
wakeup_entry_cr0                                  output.o
wakeup_entry_cr3                                  output.o
wakeup_entry_cr4                                  output.o
wakeup_entry_end                                  output.o
wakeup_entry_gdtr                                 output.o
wakeup_entry_start                                output.o
wakeup_init                                       output.o
wakeup_main                                       output.o
whirlpool_block                                   output.o
write_gphys_b                                     output.o
write_gphys_l                                     output.o
write_gphys_q                                     output.o
write_gphys_w                                     output.o
write_hphys_b                                     output.o
write_hphys_l                                     output.o
write_hphys_q                                     output.o
write_hphys_w                                     output.o
write_linearaddr_b                                output.o
write_linearaddr_l                                output.o
write_linearaddr_ok_b                             output.o
write_linearaddr_ok_l                             output.o
write_linearaddr_ok_w                             output.o
write_linearaddr_q                                output.o
write_linearaddr_tss                              output.o
write_linearaddr_w                                output.o
x509_name_ff                                      output.o
xhci_append_h_urb_to_ep                           output.o
xhci_check_urb_advance                            output.o
xhci_construct_gurbs                              output.o
xhci_create_shadow_erst                           output.o
xhci_deactivate_urb                               output.o
xhci_ep0_copyback                                 output.o
xhci_ep0_shadowing                                output.o
xhci_hand_eps_back_to_guest                       output.o
xhci_hc_reset                                     output.o
xhci_init                                         output.o
xhci_process_cmd_trb                              output.o
xhci_set_no_data_trb_hook                         output.o
xhci_shadow_g_urb                                 output.o
xhci_shadow_trbs                                  output.o
xhci_submit_bulk                                  output.o
xhci_submit_control                               output.o
xhci_submit_interrupt                             output.o
xhci_sync_state                                   output.o
xhci_unmap_guest_erst                             output.o
xhci_update_er_and_dev_ctx                        output.o
